******************************************************************************
                  MSP430 Linker PC v4.3.3                      
******************************************************************************
>> Linked Mon Oct 30 09:51:15 2017

OUTPUT FILE NAME:   <spitest.out>
ENTRY POINT SYMBOL: "_c_int00"  address: 0000fcaa


MEMORY CONFIGURATION

         name            origin    length      used     unused   attr    fill
----------------------  --------  ---------  --------  --------  ----  --------
  SFR                   00000000   00000010  00000000  00000010  RWIX
  PERIPHERALS_8BIT      00000010   000000f0  00000000  000000f0  RWIX
  PERIPHERALS_16BIT     00000100   00000100  00000000  00000100  RWIX
  RAM                   00000200   00000080  0000003a  00000046  RWIX
  INFOD                 00001000   00000040  00000000  00000040  RWIX
  INFOC                 00001040   00000040  00000000  00000040  RWIX
  INFOB                 00001080   00000040  00000000  00000040  RWIX
  INFOA                 000010c0   00000040  00000000  00000040  RWIX
  FLASH                 0000f800   000007e0  0000053c  000002a4  RWIX
  INT00                 0000ffe0   00000002  00000000  00000002  RWIX
  INT01                 0000ffe2   00000002  00000000  00000002  RWIX
  INT02                 0000ffe4   00000002  00000002  00000000  RWIX
  INT03                 0000ffe6   00000002  00000002  00000000  RWIX
  INT04                 0000ffe8   00000002  00000002  00000000  RWIX
  INT05                 0000ffea   00000002  00000002  00000000  RWIX
  INT06                 0000ffec   00000002  00000000  00000002  RWIX
  INT07                 0000ffee   00000002  00000000  00000002  RWIX
  INT08                 0000fff0   00000002  00000002  00000000  RWIX
  INT09                 0000fff2   00000002  00000002  00000000  RWIX
  INT10                 0000fff4   00000002  00000002  00000000  RWIX
  INT11                 0000fff6   00000002  00000000  00000002  RWIX
  INT12                 0000fff8   00000002  00000000  00000002  RWIX
  INT13                 0000fffa   00000002  00000000  00000002  RWIX
  INT14                 0000fffc   00000002  00000002  00000000  RWIX
  RESET                 0000fffe   00000002  00000002  00000000  RWIX


SECTION ALLOCATION MAP

 output                                  attributes/
section   page    origin      length       input sections
--------  ----  ----------  ----------   ----------------
.bss       0    00000000    00000204     FAILED TO ALLOCATE
.init_array 
*          0    0000f800    00000000     UNINITIALIZED

.TI.noinit 
*          0    00000000    00000000     FAILED TO ALLOCATE
.data      0    00000200    00000008     UNINITIALIZED
                  00000200    00000008     main.obj (.data)

.TI.persistent 
*          0    00000200    00000000     UNINITIALIZED

.stack     0    0000024c    00000032     UNINITIALIZED
                  0000024c    00000002     rts430_eabi.lib : boot.obj (.stack)
                  0000024e    00000030     --HOLE--

.text      0    0000f800    00000520     
                  0000f800    000000d4     main.obj (.text:main)
                  0000f8d4    0000008c     main.obj (.text:readSR)
                  0000f960    0000007e     main.obj (.text:Read)
                  0000f9de    00000076     main.obj (.text:EraseBlock)
                  0000fa54    0000005e     rts430_eabi.lib : copy_decompress_rle.obj (.text:__TI_decompress_rle_core)
                  0000fab2    0000005e                     : autoinit.obj (.text:_auto_init)
                  0000fb10    00000054     main.obj (.text:SD16ISR)
                  0000fb64    00000050     main.obj (.text:ReadId)
                  0000fbb4    00000044     main.obj (.text:Readbyte)
                  0000fbf8    00000034     main.obj (.text:SendByte)
                  0000fc2c    00000034     main.obj (.text:writeEnd)
                  0000fc60    0000002a     main.obj (.text:watchdog_timer)
                  0000fc8a    00000020     main.obj (.text:Init_SPI)
                  0000fcaa    0000001a     rts430_eabi.lib : boot.obj (.text:_c_int00_noexit)
                  0000fcc4    00000014                     : copy_zero_init.obj (.text:decompress:ZI:__TI_zero_init)
                  0000fcd8    00000012                     : copy_decompress_none.obj (.text:decompress:none:__TI_decompress_none)
                  0000fcea    00000012                     : memcpy.obj (.text:memcpy)
                  0000fcfc    00000010                     : epilog.obj (.text)
                  0000fd0c    00000006                     : isr_trap.obj (.text:__TI_ISR_TRAP)
                  0000fd12    00000006                     : copy_decompress_rle.obj (.text:decompress:rle24:__TI_decompress_rle24)
                  0000fd18    00000004                     : pre_init.obj (.text:_system_pre_init)
                  0000fd1c    00000004                     : exit.obj (.text:abort)

.cinit     0    0000fd20    0000001c     
                  0000fd20    00000009     (.cinit..data.load) [load image, compression = rle]
                  0000fd29    00000001     --HOLE-- [fill = 0]
                  0000fd2a    00000006     (__TI_handler_table)
                  0000fd30    00000004     (.cinit..bss.load) [load image, compression = zero_init]
                  0000fd34    00000008     (__TI_cinit_table)

PORT1      0    0000ffe4    00000002     
                  0000ffe4    00000002     rts430_eabi.lib : int02.obj (.int02)

PORT2      0    0000ffe6    00000002     
                  0000ffe6    00000002     rts430_eabi.lib : int03.obj (.int03)

USI        0    0000ffe8    00000002     
                  0000ffe8    00000002     rts430_eabi.lib : int04.obj (.int04)

SD16       0    0000ffea    00000002     
                  0000ffea    00000002     main.obj (.int05)

TIMERA1    0    0000fff0    00000002     
                  0000fff0    00000002     rts430_eabi.lib : int08.obj (.int08)

TIMERA0    0    0000fff2    00000002     
                  0000fff2    00000002     rts430_eabi.lib : int09.obj (.int09)

WDT        0    0000fff4    00000002     
                  0000fff4    00000002     main.obj (.int10)

NMI        0    0000fffc    00000002     
                  0000fffc    00000002     rts430_eabi.lib : int14.obj (.int14)

.reset     0    0000fffe    00000002     
                  0000fffe    00000002     rts430_eabi.lib : boot.obj (.reset)


LINKER GENERATED COPY TABLES

__TI_cinit_table @ 0000fd34 records: 2, size/record: 4, table size: 8
	.data: load addr=0000fd20, load size=00000009 bytes, run addr=00000200, run size=00000008 bytes, compression=rle
	.bss: load addr=0000fd30, load size=00000004 bytes, run addr=00000000, run size=00000204 bytes, compression=zero_init


LINKER GENERATED HANDLER TABLE

__TI_handler_table @ 0000fd2a records: 3, size/record: 2, table size: 6
	index: 0, handler: __TI_zero_init
	index: 1, handler: __TI_decompress_rle24
	index: 2, handler: __TI_decompress_none


GLOBAL SYMBOLS: SORTED ALPHABETICALLY BY Name 

address    name
--------   ----
00000057   BCSCTL1
00000058   BCSCTL2
00000053   BCSCTL3
0000fd1c   C$$EXIT
000010fb   CALBC1_12MHZ
000010f9   CALBC1_16MHZ
000010ff   CALBC1_1MHZ
000010fd   CALBC1_8MHZ
000010fa   CALDCO_12MHZ
000010f8   CALDCO_16MHZ
000010fe   CALDCO_1MHZ
000010fc   CALDCO_8MHZ
00000056   DCOCTL
0000f9de   EraseBlock
00000128   FCTL1
0000012a   FCTL2
0000012c   FCTL3
00000000   IE1
00000002   IFG1
0000fc8a   Init_SPI
00000022   P1DIR
00000025   P1IE
00000024   P1IES
00000023   P1IFG
00000020   P1IN
00000021   P1OUT
00000027   P1REN
00000026   P1SEL
0000002a   P2DIR
0000002d   P2IE
0000002c   P2IES
0000002b   P2IFG
00000028   P2IN
00000029   P2OUT
0000002f   P2REN
0000002e   P2SEL
0000f960   Read
0000fb64   ReadId
0000fbb4   Readbyte
000000b7   SD16AE
00000102   SD16CCTL0
000000f7   SD16CONF0
000000bf   SD16CONF1
00000100   SD16CTL
000000b0   SD16INCTL0
0000fb10   SD16ISR
00000110   SD16IV
00000112   SD16MEM0
0000fbf8   SendByte
00000172   TACCR0
00000174   TACCR1
00000162   TACCTL0
00000164   TACCTL1
00000160   TACTL
0000012e   TAIV
00000170   TAR
0000007a   USICCTL
0000007a   USICKCTL
0000007b   USICNT
00000078   USICTL
00000078   USICTL0
00000079   USICTL1
0000007c   USISR
0000007d   USISRH
0000007c   USISRL
00000120   WDTCTL
0000027e   __STACK_END
00000032   __STACK_SIZE
0000fd34   __TI_CINIT_Base
0000fd3c   __TI_CINIT_Limit
0000fd2a   __TI_Handler_Table_Base
0000fd30   __TI_Handler_Table_Limit
UNDEFED    __TI_INITARRAY_Base
UNDEFED    __TI_INITARRAY_Limit
0000fd0c   __TI_ISR_TRAP
00000001   __TI_args_main
0000fcd8   __TI_decompress_none
0000fd12   __TI_decompress_rle24
00000001   __TI_exit
0000ffe4   __TI_int02
0000ffe6   __TI_int03
0000ffe8   __TI_int04
0000ffea   __TI_int05
0000fff0   __TI_int08
0000fff2   __TI_int09
0000fff4   __TI_int10
0000fffc   __TI_int14
0000fcc4   __TI_zero_init
ffffffff   __binit__
ffffffff   __c_args__
0000fd08   __mspabi_func_epilog_1
0000fd06   __mspabi_func_epilog_2
0000fd04   __mspabi_func_epilog_3
0000fd02   __mspabi_func_epilog_4
0000fd00   __mspabi_func_epilog_5
0000fcfe   __mspabi_func_epilog_6
0000fcfc   __mspabi_func_epilog_7
0000fab2   _auto_init
0000fcaa   _c_int00
0000fcaa   _c_int00_noexit
0000fffe   _reset_vector
0000024c   _stack
0000fd18   _system_pre_init
0000fd1c   abort
ffffffff   binit
0000f800   main
0000fcea   memcpy
0000f8d4   readSR
0000fc60   watchdog_timer
0000fc2c   writeEnd


GLOBAL SYMBOLS: SORTED BY Symbol Address 

address    name
--------   ----
00000000   IE1
00000001   __TI_args_main
00000001   __TI_exit
00000002   IFG1
00000020   P1IN
00000021   P1OUT
00000022   P1DIR
00000023   P1IFG
00000024   P1IES
00000025   P1IE
00000026   P1SEL
00000027   P1REN
00000028   P2IN
00000029   P2OUT
0000002a   P2DIR
0000002b   P2IFG
0000002c   P2IES
0000002d   P2IE
0000002e   P2SEL
0000002f   P2REN
00000032   __STACK_SIZE
00000053   BCSCTL3
00000056   DCOCTL
00000057   BCSCTL1
00000058   BCSCTL2
00000078   USICTL
00000078   USICTL0
00000079   USICTL1
0000007a   USICCTL
0000007a   USICKCTL
0000007b   USICNT
0000007c   USISR
0000007c   USISRL
0000007d   USISRH
000000b0   SD16INCTL0
000000b7   SD16AE
000000bf   SD16CONF1
000000f7   SD16CONF0
00000100   SD16CTL
00000102   SD16CCTL0
00000110   SD16IV
00000112   SD16MEM0
00000120   WDTCTL
00000128   FCTL1
0000012a   FCTL2
0000012c   FCTL3
0000012e   TAIV
00000160   TACTL
00000162   TACCTL0
00000164   TACCTL1
00000170   TAR
00000172   TACCR0
00000174   TACCR1
0000024c   _stack
0000027e   __STACK_END
000010f8   CALDCO_16MHZ
000010f9   CALBC1_16MHZ
000010fa   CALDCO_12MHZ
000010fb   CALBC1_12MHZ
000010fc   CALDCO_8MHZ
000010fd   CALBC1_8MHZ
000010fe   CALDCO_1MHZ
000010ff   CALBC1_1MHZ
0000f800   main
0000f8d4   readSR
0000f960   Read
0000f9de   EraseBlock
0000fab2   _auto_init
0000fb10   SD16ISR
0000fb64   ReadId
0000fbb4   Readbyte
0000fbf8   SendByte
0000fc2c   writeEnd
0000fc60   watchdog_timer
0000fc8a   Init_SPI
0000fcaa   _c_int00
0000fcaa   _c_int00_noexit
0000fcc4   __TI_zero_init
0000fcd8   __TI_decompress_none
0000fcea   memcpy
0000fcfc   __mspabi_func_epilog_7
0000fcfe   __mspabi_func_epilog_6
0000fd00   __mspabi_func_epilog_5
0000fd02   __mspabi_func_epilog_4
0000fd04   __mspabi_func_epilog_3
0000fd06   __mspabi_func_epilog_2
0000fd08   __mspabi_func_epilog_1
0000fd0c   __TI_ISR_TRAP
0000fd12   __TI_decompress_rle24
0000fd18   _system_pre_init
0000fd1c   C$$EXIT
0000fd1c   abort
0000fd2a   __TI_Handler_Table_Base
0000fd30   __TI_Handler_Table_Limit
0000fd34   __TI_CINIT_Base
0000fd3c   __TI_CINIT_Limit
0000ffe4   __TI_int02
0000ffe6   __TI_int03
0000ffe8   __TI_int04
0000ffea   __TI_int05
0000fff0   __TI_int08
0000fff2   __TI_int09
0000fff4   __TI_int10
0000fffc   __TI_int14
0000fffe   _reset_vector
ffffffff   __binit__
ffffffff   __c_args__
ffffffff   binit
UNDEFED    __TI_INITARRAY_Base
UNDEFED    __TI_INITARRAY_Limit

[110 symbols]
