******************************************************************************
                  MSP430 Linker PC v4.3.3                      
******************************************************************************
>> Linked Thu Nov 02 21:41:50 2017

OUTPUT FILE NAME:   <spitest.out>
ENTRY POINT SYMBOL: "_c_int00"  address: 0000fe16


MEMORY CONFIGURATION

         name            origin    length      used     unused   attr    fill
----------------------  --------  ---------  --------  --------  ----  --------
  SFR                   00000000   00000010  00000000  00000010  RWIX
  PERIPHERALS_8BIT      00000010   000000f0  00000000  000000f0  RWIX
  PERIPHERALS_16BIT     00000100   00000100  00000000  00000100  RWIX
  RAM                   00000200   00000080  00000062  0000001e  RWIX
  INFOD                 00001000   00000040  00000000  00000040  RWIX
  INFOC                 00001040   00000040  00000000  00000040  RWIX
  INFOB                 00001080   00000040  00000000  00000040  RWIX
  INFOA                 000010c0   00000040  00000000  00000040  RWIX
  FLASH                 0000f800   000007e0  000006ae  00000132  RWIX
  INT00                 0000ffe0   00000002  00000000  00000002  RWIX
  INT01                 0000ffe2   00000002  00000000  00000002  RWIX
  INT02                 0000ffe4   00000002  00000002  00000000  RWIX
  INT03                 0000ffe6   00000002  00000002  00000000  RWIX
  INT04                 0000ffe8   00000002  00000002  00000000  RWIX
  INT05                 0000ffea   00000002  00000002  00000000  RWIX
  INT06                 0000ffec   00000002  00000000  00000002  RWIX
  INT07                 0000ffee   00000002  00000000  00000002  RWIX
  INT08                 0000fff0   00000002  00000002  00000000  RWIX
  INT09                 0000fff2   00000002  00000002  00000000  RWIX
  INT10                 0000fff4   00000002  00000002  00000000  RWIX
  INT11                 0000fff6   00000002  00000000  00000002  RWIX
  INT12                 0000fff8   00000002  00000000  00000002  RWIX
  INT13                 0000fffa   00000002  00000000  00000002  RWIX
  INT14                 0000fffc   00000002  00000002  00000000  RWIX
  RESET                 0000fffe   00000002  00000002  00000000  RWIX


SECTION ALLOCATION MAP

 output                                  attributes/
section   page    origin      length       input sections
--------  ----  ----------  ----------   ----------------
.init_array 
*          0    0000f800    00000000     UNINITIALIZED

.bss       0    00000200    00000022     UNINITIALIZED
                  00000200    00000020     (.common:Wbuff)
                  00000220    00000002     (.common:k)

.TI.noinit 
*          0    00000200    00000000     UNINITIALIZED

.data      0    00000222    0000000e     UNINITIALIZED
                  00000222    0000000e     main.obj (.data)

.TI.persistent 
*          0    00000222    00000000     UNINITIALIZED

.stack     0    0000024c    00000032     UNINITIALIZED
                  0000024c    00000002     rts430_eabi.lib : boot.obj (.stack)
                  0000024e    00000030     --HOLE--

.text      0    0000f800    00000692     
                  0000f800    00000110     main.obj (.text:writePage)
                  0000f910    000000ca     main.obj (.text:main)
                  0000f9da    000000b4     main.obj (.text:SD16ISR)
                  0000fa8e    000000a4     main.obj (.text:EraseBlock)
                  0000fb32    00000060     main.obj (.text:readSR)
                  0000fb92    0000005e     rts430_eabi.lib : copy_decompress_rle.obj (.text:__TI_decompress_rle_core)
                  0000fbf0    0000005e                     : autoinit.obj (.text:_auto_init)
                  0000fc4e    00000058     main.obj (.text:ReadId)
                  0000fca6    0000004a     main.obj (.text:writeSR)
                  0000fcf0    00000046     main.obj (.text:Readbyte)
                  0000fd36    00000046     main.obj (.text:writeEnable)
                  0000fd7c    00000044     main.obj (.text:writeEnd)
                  0000fdc0    00000036     main.obj (.text:SendByte)
                  0000fdf6    00000020     main.obj (.text:Init_SPI)
                  0000fe16    0000001a     rts430_eabi.lib : boot.obj (.text:_c_int00_noexit)
                  0000fe30    00000014                     : copy_zero_init.obj (.text:decompress:ZI:__TI_zero_init)
                  0000fe44    00000012                     : copy_decompress_none.obj (.text:decompress:none:__TI_decompress_none)
                  0000fe56    00000012                     : memcpy.obj (.text:memcpy)
                  0000fe68    00000010                     : epilog.obj (.text)
                  0000fe78    00000006                     : isr_trap.obj (.text:__TI_ISR_TRAP)
                  0000fe7e    00000006                     : copy_decompress_rle.obj (.text:decompress:rle24:__TI_decompress_rle24)
                  0000fe84    00000006     main.obj (.text:watchdog_timer)
                  0000fe8a    00000004     rts430_eabi.lib : pre_init.obj (.text:_system_pre_init)
                  0000fe8e    00000004                     : exit.obj (.text:abort)

.cinit     0    0000fe92    0000001c     
                  0000fe92    00000009     (.cinit..data.load) [load image, compression = rle]
                  0000fe9b    00000001     --HOLE-- [fill = 0]
                  0000fe9c    00000006     (__TI_handler_table)
                  0000fea2    00000004     (.cinit..bss.load) [load image, compression = zero_init]
                  0000fea6    00000008     (__TI_cinit_table)

PORT1      0    0000ffe4    00000002     
                  0000ffe4    00000002     rts430_eabi.lib : int02.obj (.int02)

PORT2      0    0000ffe6    00000002     
                  0000ffe6    00000002     rts430_eabi.lib : int03.obj (.int03)

USI        0    0000ffe8    00000002     
                  0000ffe8    00000002     rts430_eabi.lib : int04.obj (.int04)

SD16       0    0000ffea    00000002     
                  0000ffea    00000002     main.obj (.int05)

TIMERA1    0    0000fff0    00000002     
                  0000fff0    00000002     rts430_eabi.lib : int08.obj (.int08)

TIMERA0    0    0000fff2    00000002     
                  0000fff2    00000002     rts430_eabi.lib : int09.obj (.int09)

WDT        0    0000fff4    00000002     
                  0000fff4    00000002     main.obj (.int10)

NMI        0    0000fffc    00000002     
                  0000fffc    00000002     rts430_eabi.lib : int14.obj (.int14)

.reset     0    0000fffe    00000002     
                  0000fffe    00000002     rts430_eabi.lib : boot.obj (.reset)


LINKER GENERATED COPY TABLES

__TI_cinit_table @ 0000fea6 records: 2, size/record: 4, table size: 8
	.data: load addr=0000fe92, load size=00000009 bytes, run addr=00000222, run size=0000000e bytes, compression=rle
	.bss: load addr=0000fea2, load size=00000004 bytes, run addr=00000200, run size=00000022 bytes, compression=zero_init


LINKER GENERATED HANDLER TABLE

__TI_handler_table @ 0000fe9c records: 3, size/record: 2, table size: 6
	index: 0, handler: __TI_zero_init
	index: 1, handler: __TI_decompress_rle24
	index: 2, handler: __TI_decompress_none


GLOBAL SYMBOLS: SORTED ALPHABETICALLY BY Name 

address    name
--------   ----
00000057   BCSCTL1
00000058   BCSCTL2
00000053   BCSCTL3
0000fe8e   C$$EXIT
000010fb   CALBC1_12MHZ
000010f9   CALBC1_16MHZ
000010ff   CALBC1_1MHZ
000010fd   CALBC1_8MHZ
000010fa   CALDCO_12MHZ
000010f8   CALDCO_16MHZ
000010fe   CALDCO_1MHZ
000010fc   CALDCO_8MHZ
00000056   DCOCTL
0000fa8e   EraseBlock
00000128   FCTL1
0000012a   FCTL2
0000012c   FCTL3
00000000   IE1
00000002   IFG1
0000fdf6   Init_SPI
00000022   P1DIR
00000025   P1IE
00000024   P1IES
00000023   P1IFG
00000020   P1IN
00000021   P1OUT
00000027   P1REN
00000026   P1SEL
0000002a   P2DIR
0000002d   P2IE
0000002c   P2IES
0000002b   P2IFG
00000028   P2IN
00000029   P2OUT
0000002f   P2REN
0000002e   P2SEL
0000fc4e   ReadId
0000fcf0   Readbyte
000000b7   SD16AE
00000102   SD16CCTL0
000000f7   SD16CONF0
000000bf   SD16CONF1
00000100   SD16CTL
000000b0   SD16INCTL0
0000f9da   SD16ISR
00000110   SD16IV
00000112   SD16MEM0
0000fdc0   SendByte
00000172   TACCR0
00000174   TACCR1
00000162   TACCTL0
00000164   TACCTL1
00000160   TACTL
0000012e   TAIV
00000170   TAR
0000007a   USICCTL
0000007a   USICKCTL
0000007b   USICNT
00000078   USICTL
00000078   USICTL0
00000079   USICTL1
0000007c   USISR
0000007d   USISRH
0000007c   USISRL
00000120   WDTCTL
00000200   Wbuff
0000027e   __STACK_END
00000032   __STACK_SIZE
0000fea6   __TI_CINIT_Base
0000feae   __TI_CINIT_Limit
0000fe9c   __TI_Handler_Table_Base
0000fea2   __TI_Handler_Table_Limit
UNDEFED    __TI_INITARRAY_Base
UNDEFED    __TI_INITARRAY_Limit
0000fe78   __TI_ISR_TRAP
00000001   __TI_args_main
0000fe44   __TI_decompress_none
0000fe7e   __TI_decompress_rle24
00000001   __TI_exit
0000ffe4   __TI_int02
0000ffe6   __TI_int03
0000ffe8   __TI_int04
0000ffea   __TI_int05
0000fff0   __TI_int08
0000fff2   __TI_int09
0000fff4   __TI_int10
0000fffc   __TI_int14
0000fe30   __TI_zero_init
ffffffff   __binit__
ffffffff   __c_args__
0000fe74   __mspabi_func_epilog_1
0000fe72   __mspabi_func_epilog_2
0000fe70   __mspabi_func_epilog_3
0000fe6e   __mspabi_func_epilog_4
0000fe6c   __mspabi_func_epilog_5
0000fe6a   __mspabi_func_epilog_6
0000fe68   __mspabi_func_epilog_7
0000fbf0   _auto_init
0000fe16   _c_int00
0000fe16   _c_int00_noexit
0000fffe   _reset_vector
0000024c   _stack
0000fe8a   _system_pre_init
0000fe8e   abort
ffffffff   binit
0000f910   main
0000fe56   memcpy
0000fb32   readSR
0000fe84   watchdog_timer
0000fd36   writeEnable
0000fd7c   writeEnd
0000f800   writePage
0000fca6   writeSR


GLOBAL SYMBOLS: SORTED BY Symbol Address 

address    name
--------   ----
00000000   IE1
00000001   __TI_args_main
00000001   __TI_exit
00000002   IFG1
00000020   P1IN
00000021   P1OUT
00000022   P1DIR
00000023   P1IFG
00000024   P1IES
00000025   P1IE
00000026   P1SEL
00000027   P1REN
00000028   P2IN
00000029   P2OUT
0000002a   P2DIR
0000002b   P2IFG
0000002c   P2IES
0000002d   P2IE
0000002e   P2SEL
0000002f   P2REN
00000032   __STACK_SIZE
00000053   BCSCTL3
00000056   DCOCTL
00000057   BCSCTL1
00000058   BCSCTL2
00000078   USICTL
00000078   USICTL0
00000079   USICTL1
0000007a   USICCTL
0000007a   USICKCTL
0000007b   USICNT
0000007c   USISR
0000007c   USISRL
0000007d   USISRH
000000b0   SD16INCTL0
000000b7   SD16AE
000000bf   SD16CONF1
000000f7   SD16CONF0
00000100   SD16CTL
00000102   SD16CCTL0
00000110   SD16IV
00000112   SD16MEM0
00000120   WDTCTL
00000128   FCTL1
0000012a   FCTL2
0000012c   FCTL3
0000012e   TAIV
00000160   TACTL
00000162   TACCTL0
00000164   TACCTL1
00000170   TAR
00000172   TACCR0
00000174   TACCR1
00000200   Wbuff
0000024c   _stack
0000027e   __STACK_END
000010f8   CALDCO_16MHZ
000010f9   CALBC1_16MHZ
000010fa   CALDCO_12MHZ
000010fb   CALBC1_12MHZ
000010fc   CALDCO_8MHZ
000010fd   CALBC1_8MHZ
000010fe   CALDCO_1MHZ
000010ff   CALBC1_1MHZ
0000f800   writePage
0000f910   main
0000f9da   SD16ISR
0000fa8e   EraseBlock
0000fb32   readSR
0000fbf0   _auto_init
0000fc4e   ReadId
0000fca6   writeSR
0000fcf0   Readbyte
0000fd36   writeEnable
0000fd7c   writeEnd
0000fdc0   SendByte
0000fdf6   Init_SPI
0000fe16   _c_int00
0000fe16   _c_int00_noexit
0000fe30   __TI_zero_init
0000fe44   __TI_decompress_none
0000fe56   memcpy
0000fe68   __mspabi_func_epilog_7
0000fe6a   __mspabi_func_epilog_6
0000fe6c   __mspabi_func_epilog_5
0000fe6e   __mspabi_func_epilog_4
0000fe70   __mspabi_func_epilog_3
0000fe72   __mspabi_func_epilog_2
0000fe74   __mspabi_func_epilog_1
0000fe78   __TI_ISR_TRAP
0000fe7e   __TI_decompress_rle24
0000fe84   watchdog_timer
0000fe8a   _system_pre_init
0000fe8e   C$$EXIT
0000fe8e   abort
0000fe9c   __TI_Handler_Table_Base
0000fea2   __TI_Handler_Table_Limit
0000fea6   __TI_CINIT_Base
0000feae   __TI_CINIT_Limit
0000ffe4   __TI_int02
0000ffe6   __TI_int03
0000ffe8   __TI_int04
0000ffea   __TI_int05
0000fff0   __TI_int08
0000fff2   __TI_int09
0000fff4   __TI_int10
0000fffc   __TI_int14
0000fffe   _reset_vector
ffffffff   __binit__
ffffffff   __c_args__
ffffffff   binit
UNDEFED    __TI_INITARRAY_Base
UNDEFED    __TI_INITARRAY_Limit

[113 symbols]
